// Jest Snapshot v1, https://goo.gl/fbAQLP

exports[`RpRatingCard Component renders RpRatingCard Component correctly 1`] = `
<View
  onLayout={[Function]}
  style={
    {
      "paddingBottom": 0,
    }
  }
>
  <View
    accessible={true}
    collapsable={false}
    focusable={true}
    onBlur={[Function]}
    onClick={[Function]}
    onFocus={[Function]}
    onResponderGrant={[Function]}
    onResponderMove={[Function]}
    onResponderRelease={[Function]}
    onResponderTerminate={[Function]}
    onResponderTerminationRequest={[Function]}
    onStartShouldSetResponder={[Function]}
    style={
      {
        "width": "90%",
      }
    }
  >
    <View
      style={
        [
          {
            "backgroundColor": "white",
            "borderRadius": 12,
            "height": 242,
          },
          undefined,
        ]
      }
    >
      <View
        style={
          {
            "alignItems": "center",
            "flex": 1,
            "justifyContent": "space-evenly",
            "paddingHorizontal": "5%",
          }
        }
      >
        <View
          style={
            {
              "alignContent": "center",
              "alignItems": "center",
              "backgroundColor": "white",
              "borderRadius": 45,
              "height": 84,
              "justifyContent": "center",
              "position": "absolute",
              "top": -20,
              "width": 84,
            }
          }
        >
          <Image
            resizeMode="contain"
            source={
              {
                "testUri": "../../../src/assets/Icons/ic_edit.png",
              }
            }
            style={
              {
                "height": 47,
                "width": 47,
              }
            }
          />
        </View>
        <Text
          style={
            {
              "fontSize": 16,
              "fontWeight": "700",
              "paddingTop": "15%",
              "textAlign": "center",
            }
          }
        >
          Enjoying RacketPal?
        </Text>
        <Text
          style={
            {
              "fontSize": 12,
              "fontWeight": "400",
              "lineHeight": 16.8,
              "paddingHorizontal": 40,
              "textAlign": "center",
            }
          }
        >
          Tap a star to rate it on the App store
        </Text>
        <View
          style={
            [
              {
                "alignItems": "center",
                "backgroundColor": "transparent",
                "flexDirection": "column",
                "justifyContent": "center",
              },
            ]
          }
        >
          <View
            style={
              [
                {
                  "alignItems": "center",
                  "flexDirection": "row",
                  "justifyContent": "center",
                },
                {
                  "justifyContent": "space-evenly",
                  "paddingVertical": 10,
                  "width": 300,
                },
              ]
            }
          >
            <View
              accessible={true}
              collapsable={false}
              focusable={true}
              onClick={[Function]}
              onResponderGrant={[Function]}
              onResponderMove={[Function]}
              onResponderRelease={[Function]}
              onResponderTerminate={[Function]}
              onResponderTerminationRequest={[Function]}
              onStartShouldSetResponder={[Function]}
              style={
                {
                  "opacity": 1,
                }
              }
            >
              <Image
                collapsable={false}
                source={
                  {
                    "testUri": "../../react-native-ratings/dist/images/airbnb-star.png",
                  }
                }
                style={
                  {
                    "height": 30,
                    "margin": 3,
                    "tintColor": "#BDC3C7",
                    "transform": [
                      {
                        "scale": 1,
                      },
                    ],
                    "width": 30,
                  }
                }
              />
            </View>
            <View
              accessible={true}
              collapsable={false}
              focusable={true}
              onClick={[Function]}
              onResponderGrant={[Function]}
              onResponderMove={[Function]}
              onResponderRelease={[Function]}
              onResponderTerminate={[Function]}
              onResponderTerminationRequest={[Function]}
              onStartShouldSetResponder={[Function]}
              style={
                {
                  "opacity": 1,
                }
              }
            >
              <Image
                collapsable={false}
                source={
                  {
                    "testUri": "../../react-native-ratings/dist/images/airbnb-star.png",
                  }
                }
                style={
                  {
                    "height": 30,
                    "margin": 3,
                    "tintColor": "#BDC3C7",
                    "transform": [
                      {
                        "scale": 1,
                      },
                    ],
                    "width": 30,
                  }
                }
              />
            </View>
            <View
              accessible={true}
              collapsable={false}
              focusable={true}
              onClick={[Function]}
              onResponderGrant={[Function]}
              onResponderMove={[Function]}
              onResponderRelease={[Function]}
              onResponderTerminate={[Function]}
              onResponderTerminationRequest={[Function]}
              onStartShouldSetResponder={[Function]}
              style={
                {
                  "opacity": 1,
                }
              }
            >
              <Image
                collapsable={false}
                source={
                  {
                    "testUri": "../../react-native-ratings/dist/images/airbnb-star.png",
                  }
                }
                style={
                  {
                    "height": 30,
                    "margin": 3,
                    "tintColor": "#BDC3C7",
                    "transform": [
                      {
                        "scale": 1,
                      },
                    ],
                    "width": 30,
                  }
                }
              />
            </View>
            <View
              accessible={true}
              collapsable={false}
              focusable={true}
              onClick={[Function]}
              onResponderGrant={[Function]}
              onResponderMove={[Function]}
              onResponderRelease={[Function]}
              onResponderTerminate={[Function]}
              onResponderTerminationRequest={[Function]}
              onStartShouldSetResponder={[Function]}
              style={
                {
                  "opacity": 1,
                }
              }
            >
              <Image
                collapsable={false}
                source={
                  {
                    "testUri": "../../react-native-ratings/dist/images/airbnb-star.png",
                  }
                }
                style={
                  {
                    "height": 30,
                    "margin": 3,
                    "tintColor": "#BDC3C7",
                    "transform": [
                      {
                        "scale": 1,
                      },
                    ],
                    "width": 30,
                  }
                }
              />
            </View>
            <View
              accessible={true}
              collapsable={false}
              focusable={true}
              onClick={[Function]}
              onResponderGrant={[Function]}
              onResponderMove={[Function]}
              onResponderRelease={[Function]}
              onResponderTerminate={[Function]}
              onResponderTerminationRequest={[Function]}
              onStartShouldSetResponder={[Function]}
              style={
                {
                  "opacity": 1,
                }
              }
            >
              <Image
                collapsable={false}
                source={
                  {
                    "testUri": "../../react-native-ratings/dist/images/airbnb-star.png",
                  }
                }
                style={
                  {
                    "height": 30,
                    "margin": 3,
                    "tintColor": "#BDC3C7",
                    "transform": [
                      {
                        "scale": 1,
                      },
                    ],
                    "width": 30,
                  }
                }
              />
            </View>
          </View>
        </View>
        <View
          accessible={true}
          collapsable={false}
          focusable={true}
          onBlur={[Function]}
          onClick={[Function]}
          onFocus={[Function]}
          onResponderGrant={[Function]}
          onResponderMove={[Function]}
          onResponderRelease={[Function]}
          onResponderTerminate={[Function]}
          onResponderTerminationRequest={[Function]}
          onStartShouldSetResponder={[Function]}
        >
          <Text
            style={
              {
                "color": "#B4B4B4",
                "fontSize": 10,
                "fontWeight": "700",
                "lineHeight": 15,
                "paddingHorizontal": 40,
                "textAlign": "center",
                "textTransform": "uppercase",
              }
            }
          >
            remind me later
          </Text>
        </View>
      </View>
    </View>
  </View>
</View>
`;
