// Jest Snapshot v1, https://goo.gl/fbAQLP

exports[`Review Component Screen renders Review Modal correctly 1`] = `
<Modal
  animationType="slide"
  hardwareAccelerated={false}
  transparent={true}
  visible="false"
/>
`;
